// Jest Snapshot v1, https://goo.gl/fbAQLP

exports[`Course Card should render 1`] = `
<div>
  <div
    class="card"
    data-testid="card"
  >
    <div
      class="card-content"
    >
      <h2
        class="title"
      >
        Course
      </h2>
      <div
        class="description"
      >
        description
      </div>
    </div>
    <div
      class="card-info"
    >
      <div
        class="author"
      >
        <strong>
          Authors: 
        </strong>
        Pau, Pau
      </div>
      <div
        class="duration"
      >
        Duration: 
        02:03
      </div>
      <div
        class="created"
      >
        Created: 
        12/12/2021
      </div>
      <div
        class="btn-wrap"
      >
        <button
          class="button"
        >
          Show course
        </button>
      </div>
    </div>
  </div>
</div>
`;
